// Jest Snapshot v1, https://goo.gl/fbAQLP

exports[`SearchComponent should render 1`] = `
<app-search
  searchControl={[Function FormControl]}
  searchTermChange={[Function EventEmitter]}
>
  <mat-form-field
    appearance="fill"
    class="mat-form-field ng-tns-c2-0 mat-primary"
  >
    <div
      class="mat-form-field-wrapper"
    >
      <div
        class="mat-form-field-flex"
      >
        
        
        <div
          class="mat-form-field-infix"
        >
          <input
            class="mat-input-element mat-form-field-autofill-control"
            matinput=""
          />
          <span
            class="mat-form-field-label-wrapper"
          >
            
          </span>
        </div>
        
      </div>
      
      <div
        class="mat-form-field-subscript-wrapper"
      >
        
        
      </div>
    </div>
  </mat-form-field>
</app-search>
`;
